Flutter crash report.
Please report a bug at https://github.com/flutter/flutter/issues.

## command

flutter run -d 00008120-000451542610201E

## exception

PathNotFoundException: PathNotFoundException: Creation failed, path = '/Users/mohamed/Documents/Lostproject-master/finder-monorepo/mobile-app/build' (OS Error: No such file or directory, errno = 2)

```
#0      _Directory.createSync (dart:io/directory_impl.dart:136:7)
#1      _Directory.createSync (dart:io/directory_impl.dart:131:16)
#2      ForwardingDirectory.createSync (package:file/src/forwarding/forwarding_directory.dart:20:16)
#3      ErrorHandlingDirectory.createSync.<anonymous closure> (package:flutter_tools/src/base/error_handling_io.dart:399:22)
#4      _runSync (package:flutter_tools/src/base/error_handling_io.dart:552:14)
#5      ErrorHandlingDirectory.createSync (package:flutter_tools/src/base/error_handling_io.dart:398:12)
#6      FlutterBuildSystem.buildIncremental (package:flutter_tools/src/build_system/build_system.dart:742:26)
#7      ResidentRunner.runSourceGenerators (package:flutter_tools/src/resident_runner.dart:1133:44)
#8      HotRunner.run (package:flutter_tools/src/run_hot.dart:398:13)
<asynchronous suspension>
#9      RunCommand.runCommand (package:flutter_tools/src/commands/run.dart:934:26)
<asynchronous suspension>
#10     FlutterCommand.run.<anonymous closure> (package:flutter_tools/src/runner/flutter_command.dart:1630:27)
<asynchronous suspension>
#11     AppContext.run.<anonymous closure> (package:flutter_tools/src/base/context.dart:154:19)
<asynchronous suspension>
#12     CommandRunner.runCommand (package:args/command_runner.dart:212:13)
<asynchronous suspension>
#13     FlutterCommandRunner.runCommand.<anonymous closure> (package:flutter_tools/src/runner/flutter_command_runner.dart:496:9)
<asynchronous suspension>
#14     AppContext.run.<anonymous closure> (package:flutter_tools/src/base/context.dart:154:19)
<asynchronous suspension>
#15     FlutterCommandRunner.runCommand (package:flutter_tools/src/runner/flutter_command_runner.dart:431:5)
<asynchronous suspension>
#16     FlutterCommandRunner.run.<anonymous closure> (package:flutter_tools/src/runner/flutter_command_runner.dart:307:33)
<asynchronous suspension>
#17     run.<anonymous closure>.<anonymous closure> (package:flutter_tools/runner.dart:104:11)
<asynchronous suspension>
#18     AppContext.run.<anonymous closure> (package:flutter_tools/src/base/context.dart:154:19)
<asynchronous suspension>
#19     main (package:flutter_tools/executable.dart:103:3)
<asynchronous suspension>
```

## flutter doctor

```
[32m[✓][39m Flutter (Channel stable, 3.44.1, on macOS 26.2 25C56 darwin-arm64, locale en-EG) [58ms]
    [32m•[39m Flutter version 3.44.1 on channel stable at /opt/homebrew/share/flutter
    [32m•[39m Upstream repository https://github.com/flutter/flutter.git
    [32m•[39m Framework revision 924134a44c (7 days ago), 2026-05-29 12:13:22 -0400
    [32m•[39m Engine revision c416acfeb8
    [32m•[39m Dart version 3.12.1
    [32m•[39m DevTools version 2.57.0
    [32m•[39m Feature flags: enable-web, enable-linux-desktop, enable-macos-desktop, enable-windows-desktop, enable-android, enable-ios,
      cli-animations, enable-native-assets, no-enable-swift-package-manager, omit-legacy-version-file, enable-lldb-debugging,
      enable-uiscene-migration

[31m[✗][39m Android toolchain - develop for Android devices [28ms]
    [31m✗[39m Unable to locate Android SDK.
      Install Android Studio from: https://developer.android.com/studio/index.html
      On first launch it will assist you in installing the Android SDK components.
      (or visit https://flutter.dev/to/macos-android-setup for detailed instructions).
      If the Android SDK has been installed to a custom location, please use
      `flutter config --android-sdk` to update to that location.


[32m[✓][39m Xcode - develop for iOS and macOS (Xcode 26.5) [475ms]
    [32m•[39m Xcode at /Applications/Xcode.app/Contents/Developer
    [32m•[39m Build 17F42
    [32m•[39m CocoaPods version 1.16.2

[32m[✓][39m Chrome - develop for the web [1ms]
    [32m•[39m Chrome at /Applications/Google Chrome.app/Contents/MacOS/Google Chrome

[32m[✓][39m Connected device (3 available) [5.8s]
    [32m•[39m ايفون (mobile)  • 00008120-000451542610201E • ios            • iOS 26.3.1 23D8133
    [32m•[39m macOS (desktop) • macos                     • darwin-arm64   • macOS 26.2 25C56 darwin-arm64
    [32m•[39m Chrome (web)    • chrome                    • web-javascript • Google Chrome 149.0.7827.53

[32m[✓][39m Network resources [509ms]
    [32m•[39m All expected network resources are available.

[33m![39m Doctor found issues in 1 category.
```
